// Jest Snapshot v1, https://goo.gl/fbAQLP

exports[`testing User component matching snapshot 1`] = `
<Styled(WithStyles(Grid))
  container={true}
  direction="row"
  spacing={40}
>
  <Styled(WithStyles(Grid))
    container={true}
    direction="column"
    item={true}
    justify="space-between"
    md={3}
    sm={12}
    spacing={16}
    xs={12}
  >
    <WithStyles(Grid)
      alignItems="center"
      container={true}
      item={true}
      justify="center"
      md="auto"
      sm={6}
      xs={12}
    >
      <inject-UserAvatar-with-store />
    </WithStyles(Grid)>
    <WithStyles(Grid)
      item={true}
      md="auto"
      sm={6}
      xs={12}
    >
      <inject-UserDetails-with-store />
    </WithStyles(Grid)>
  </Styled(WithStyles(Grid))>
  <WithStyles(Grid)
    container={true}
    item={true}
    justify="flex-end"
    md={9}
    sm={12}
    xs={12}
  >
    <inject-UserReposHeader-with-store />
    <inject-UserReposList-with-store />
  </WithStyles(Grid)>
</Styled(WithStyles(Grid))>
`;
