// Jest Snapshot v1, https://goo.gl/fbAQLP

exports[`testing User component matching snapshot 1`] = `
<WithStyles(Grid)
  className="mediaQueries"
  container={true}
  spacing={40}
>
  <WithStyles(Grid)
    className="mediaQueries"
    container={true}
    item={true}
    justify="space-between"
    md={3}
    sm={12}
    spacing={16}
    xs={12}
  >
    <WithStyles(Grid)
      alignItems="center"
      container={true}
      item={true}
      justify="center"
      md="auto"
      sm={6}
      xs={12}
    >
      <UserAvatar
        avatarUrl="https://via.placeholder.com/150"
      />
    </WithStyles(Grid)>
    <WithStyles(Grid)
      item={true}
      md="auto"
      sm={6}
      xs={12}
    >
      <UserDetails
        informations={
          Object {
            "avatar_url": "https://via.placeholder.com/150",
            "email": "aoko123@gmail.com",
            "loctation": "Raszyn",
            "login": "aOko123",
            "name": "Adam Oko",
          }
        }
      />
    </WithStyles(Grid)>
  </WithStyles(Grid)>
  <WithStyles(Grid)
    container={true}
    item={true}
    justify="flex-end"
    md={9}
    sm={12}
    xs={12}
  >
    <WithStyles(UserReposHeader) />
    <UserReposList
      handleHideSingleRepo={[MockFunction]}
      handleSelectUserRepo={[MockFunction]}
      repos={
        Array [
          Object {
            "description": "First repo description",
            "forks_count": 0,
            "html_url": "https://github.com/aOko123/firstRepo",
            "id": 1,
            "name": "firstRepo",
            "stargazers_count": 0,
          },
          Object {
            "description": "Second repo description",
            "forks_count": 0,
            "html_url": "https://github.com/aOko123/secondRepo",
            "id": 2,
            "name": "secondRepo",
            "stargazers_count": 0,
          },
        ]
      }
    />
  </WithStyles(Grid)>
</WithStyles(Grid)>
`;
