// Jest Snapshot v1, https://goo.gl/fbAQLP

exports[`testing UserReposList component matching snapshot 1`] = `
<styled.fieldset>
  <styled.legend>
    <WithStyles(Typography)
      variant="subtitle1"
    >
      Projects
    </WithStyles(Typography)>
  </styled.legend>
  <Styled(WithStyles(List))>
    <UserReposListItem
      handleHideSingleRepo={[MockFunction]}
      handleSelectUserRepo={[MockFunction]}
      key="1"
      listItem={
        Object {
          "description": "First repo description",
          "forks_count": 0,
          "html_url": "https://github.com/aOko123/firstRepo",
          "id": 1,
          "name": "firstRepo",
          "stargazers_count": 0,
        }
      }
    />
    <UserReposListItem
      handleHideSingleRepo={[MockFunction]}
      handleSelectUserRepo={[MockFunction]}
      key="2"
      listItem={
        Object {
          "description": "Second repo description",
          "forks_count": 0,
          "html_url": "https://github.com/aOko123/secondRepo",
          "id": 2,
          "name": "secondRepo",
          "stargazers_count": 0,
        }
      }
    />
  </Styled(WithStyles(List))>
</styled.fieldset>
`;
