// Jest Snapshot v1, https://goo.gl/fbAQLP

exports[`testing UserReposContainer should match snapshot 1`] = `
<UserRepos
  hideSingleRepo={[MockFunction]}
  openSingleRepo={[MockFunction]}
  selectUserRepo={[MockFunction]}
  userInfo={
    Object {
      "avatar_url": "https://via.placeholder.com/150",
      "email": "aoko123@gmail.com",
      "loctation": "Raszyn",
      "login": "aOko123",
      "name": "Adam Oko",
    }
  }
  userRepos={
    Array [
      Object {
        "description": "First repo description",
        "forks_count": 0,
        "html_url": "https://github.com/aOko123/firstRepo",
        "id": 1,
        "isChecked": false,
        "isFounded": false,
        "isHidden": false,
        "name": "firstRepo",
        "stargazers_count": 0,
      },
      Object {
        "description": "Second repo description",
        "forks_count": 0,
        "html_url": "https://github.com/aOko123/secondRepo",
        "id": 2,
        "isChecked": false,
        "isFounded": false,
        "isHidden": false,
        "name": "secondRepo",
        "stargazers_count": 0,
      },
    ]
  }
/>
`;
