// Jest Snapshot v1, https://goo.gl/fbAQLP

exports[`testing UserContainer should match snapshot 1`] = `
<UserContainer
  match={
    Object {
      "params": Object {
        "user": "adam",
      },
    }
  }
  render={
    [MockFunction] {
      "calls": Array [
        Array [
          Object {
            "handleFilterRepos": [Function],
            "handleHideSelectedRepos": [Function],
            "handleHideSingleRepo": [Function],
            "handleSelectAllRepos": [Function],
            "handleSelectUserRepo": [Function],
            "handleShowAllRepos": [Function],
            "informations": Object {
              "avatar_url": "https://via.placeholder.com/150",
              "email": "aoko123@gmail.com",
              "loctation": "Raszyn",
              "login": "aOko123",
              "name": "Adam Oko",
            },
            "openSelectedRepos": [Function],
            "repos": Array [
              Object {
                "description": "First repo description",
                "forks_count": 0,
                "html_url": "https://github.com/aOko123/firstRepo",
                "id": 1,
                "name": "firstRepo",
                "stargazers_count": 0,
              },
              Object {
                "description": "Second repo description",
                "forks_count": 0,
                "html_url": "https://github.com/aOko123/secondRepo",
                "id": 2,
                "name": "secondRepo",
                "stargazers_count": 0,
              },
            ],
            "restStore": Object {
              "allReposAreSelected": false,
              "checkIsShowAllIsDisabled": [Function],
              "countIsFounded": [Function],
              "error": null,
              "fetchData": [Function],
              "filterProjectsInput": "",
              "isEveryRepoIsSelected": [Function],
              "isFoundedCount": 0,
              "isLoading": false,
              "isOneRepoSelected": [Function],
              "isShowAllBtnDisabled": true,
              "selectedReposAreEmpty": true,
            },
          },
        ],
        Array [
          Object {
            "handleFilterRepos": [Function],
            "handleHideSelectedRepos": [Function],
            "handleHideSingleRepo": [Function],
            "handleSelectAllRepos": [Function],
            "handleSelectUserRepo": [Function],
            "handleShowAllRepos": [Function],
            "informations": Object {
              "avatar_url": "https://via.placeholder.com/150",
              "email": "aoko123@gmail.com",
              "loctation": "Raszyn",
              "login": "aOko123",
              "name": "Adam Oko",
            },
            "openSelectedRepos": [Function],
            "repos": Array [
              Object {
                "description": "First repo description",
                "forks_count": 0,
                "html_url": "https://github.com/aOko123/firstRepo",
                "id": 1,
                "name": "firstRepo",
                "stargazers_count": 0,
              },
              Object {
                "description": "Second repo description",
                "forks_count": 0,
                "html_url": "https://github.com/aOko123/secondRepo",
                "id": 2,
                "name": "secondRepo",
                "stargazers_count": 0,
              },
            ],
            "restStore": Object {
              "allReposAreSelected": false,
              "checkIsShowAllIsDisabled": [Function],
              "countIsFounded": [Function],
              "error": null,
              "fetchData": [Function],
              "filterProjectsInput": "",
              "isEveryRepoIsSelected": [Function],
              "isFoundedCount": 0,
              "isLoading": true,
              "isOneRepoSelected": [Function],
              "isShowAllBtnDisabled": true,
              "selectedReposAreEmpty": true,
            },
          },
        ],
        Array [
          Object {
            "handleFilterRepos": [Function],
            "handleHideSelectedRepos": [Function],
            "handleHideSingleRepo": [Function],
            "handleSelectAllRepos": [Function],
            "handleSelectUserRepo": [Function],
            "handleShowAllRepos": [Function],
            "informations": Object {
              "avatar_url": "https://via.placeholder.com/150",
              "email": "aoko123@gmail.com",
              "loctation": "Raszyn",
              "login": "aOko123",
              "name": "Adam Oko",
            },
            "openSelectedRepos": [Function],
            "repos": Array [
              Object {
                "description": "First repo description",
                "forks_count": 0,
                "html_url": "https://github.com/aOko123/firstRepo",
                "id": 1,
                "name": "firstRepo",
                "stargazers_count": 0,
              },
              Object {
                "description": "Second repo description",
                "forks_count": 0,
                "html_url": "https://github.com/aOko123/secondRepo",
                "id": 2,
                "name": "secondRepo",
                "stargazers_count": 0,
              },
            ],
            "restStore": Object {
              "allReposAreSelected": false,
              "checkIsShowAllIsDisabled": [Function],
              "countIsFounded": [Function],
              "error": null,
              "fetchData": [Function],
              "filterProjectsInput": "",
              "isEveryRepoIsSelected": [Function],
              "isFoundedCount": 0,
              "isLoading": false,
              "isOneRepoSelected": [Function],
              "isShowAllBtnDisabled": true,
              "selectedReposAreEmpty": true,
            },
          },
        ],
      ],
      "results": Array [
        Object {
          "isThrow": false,
          "value": undefined,
        },
        Object {
          "isThrow": false,
          "value": undefined,
        },
        Object {
          "isThrow": false,
          "value": undefined,
        },
      ],
    }
  }
/>
`;
